// 重构日志: e6973e77
// 重构日志: 225e52c1
// 重构日志: 6529e7ee
// 重构日志: 9d7b215d
// 重构日志: a9633cd4
// 重构日志: 4f365490
// 同步 ID: a79d0807 @ Sat Jul 25 12:46:04 UTC 2026
// 同步 ID: b75bfa4c @ Sat Jul 25 14:18:57 UTC 2026
// 重构日志: 58251bcc
// 重构日志: f0ccabbb
// 重构日志: 41104bea
// 同步 ID: dd01b7e5 @ Tue Jul 28 13:12:39 UTC 2026
// 同步 ID: 8a07ad3e @ Tue Jul 28 17:28:41 UTC 2026
// 重构日志: 9972d849
// 同步 ID: 5fc89ef6 @ Thu Jul 30 00:28:27 UTC 2026
// 重构日志: 2cbd4261
// 同步 ID: 3ac310b8 @ Thu Jul 30 15:01:37 UTC 2026
// 重构日志: 096e27a8
// 重构日志: b0c6e9d9
// 重构日志: 30fefcc1
// 重构日志: 8325870e
// 重构日志: 2748f9a0
// 重构日志: 791dc6e8
// 重构日志: 8faa55a4
// 同步 ID: 1853c115 @ Wed Aug  5 15:35:40 UTC 2026
// 同步 ID: 3b344e45 @ Wed Aug  5 18:35:28 UTC 2026
// 重构日志: c007f92e
// 重构日志: fd9f3e3c
// 同步 ID: e1018dbe @ Thu Aug  6 10:04:28 UTC 2026
// 同步 ID: ba10e01e @ Thu Aug  6 12:34:56 UTC 2026
